node : C:\Users\Admin\Documents\TY\SEM 
VI\MP - 4\Niti Setu\backend\src\routes\eli
gibilityRoutes.js:34
At line:1 char:1
+ node src/server.js > error_log.txt 2>&1
+ ~~~~~~~~~~~~~~~~~~~~~~~~~~~~~~~~~~~~~~~
    + CategoryInfo          : NotSpecifie 
   d: (C:\Users\Admin\...ityRoutes.js:34  
  :String) [], RemoteException
    + FullyQualifiedErrorId : NativeComma 
   ndError
 
  validateEligibilityCheck,
  ^

ReferenceError: asyncHandler is not 
defined
    at Object.<anonymous> 
(C:\Users\Admin\Documents\TY\SEM VI\MP - 
4\Niti Setu\backend\src\routes\eligibility
Routes.js:34:3)
    at Module._compile 
(node:internal/modules/cjs/loader:1554:14)
    at Object..js 
(node:internal/modules/cjs/loader:1706:10)
    at Module.load 
(node:internal/modules/cjs/loader:1289:32)
    at Function._load 
(node:internal/modules/cjs/loader:1108:12)
    at TracingChannel.traceSync 
(node:diagnostics_channel:322:14)
    at wrapModuleLoad 
(node:internal/modules/cjs/loader:220:24)
    at Module.require 
(node:internal/modules/cjs/loader:1311:12)
    at require 
(node:internal/modules/helpers:136:16)
    at Object.<anonymous> 
(C:\Users\Admin\Documents\TY\SEM VI\MP - 
4\Niti Setu\backend\src\server.js:19:27)

Node.js v22.14.0
